Archive member included to satisfy reference by file (symbol)

c:/st/stm32cubeide_1.7.0/stm32cubeide/plugins/com.st.stm32cube.ide.mcu.externaltools.gnu-tools-for-stm32.9-2020-q2-update.win32_2.0.0.202105311346/tools/bin/../lib/gcc/arm-none-eabi/9.3.1/../../../../arm-none-eabi/lib/thumb/v7-m/nofp\libc_nano.a(lib_a-errno.o)
                              ./Core/Src/syscalls.o (__errno)
c:/st/stm32cubeide_1.7.0/stm32cubeide/plugins/com.st.stm32cube.ide.mcu.externaltools.gnu-tools-for-stm32.9-2020-q2-update.win32_2.0.0.202105311346/tools/bin/../lib/gcc/arm-none-eabi/9.3.1/../../../../arm-none-eabi/lib/thumb/v7-m/nofp\libc_nano.a(lib_a-exit.o)
                              c:/st/stm32cubeide_1.7.0/stm32cubeide/plugins/com.st.stm32cube.ide.mcu.externaltools.gnu-tools-for-stm32.9-2020-q2-update.win32_2.0.0.202105311346/tools/bin/../lib/gcc/arm-none-eabi/9.3.1/../../../../arm-none-eabi/lib/thumb/v7-m/nofp/crt0.o (exit)
c:/st/stm32cubeide_1.7.0/stm32cubeide/plugins/com.st.stm32cube.ide.mcu.externaltools.gnu-tools-for-stm32.9-2020-q2-update.win32_2.0.0.202105311346/tools/bin/../lib/gcc/arm-none-eabi/9.3.1/../../../../arm-none-eabi/lib/thumb/v7-m/nofp\libc_nano.a(lib_a-impure.o)
                              c:/st/stm32cubeide_1.7.0/stm32cubeide/plugins/com.st.stm32cube.ide.mcu.externaltools.gnu-tools-for-stm32.9-2020-q2-update.win32_2.0.0.202105311346/tools/bin/../lib/gcc/arm-none-eabi/9.3.1/../../../../arm-none-eabi/lib/thumb/v7-m/nofp\libc_nano.a(lib_a-exit.o) (_global_impure_ptr)
c:/st/stm32cubeide_1.7.0/stm32cubeide/plugins/com.st.stm32cube.ide.mcu.externaltools.gnu-tools-for-stm32.9-2020-q2-update.win32_2.0.0.202105311346/tools/bin/../lib/gcc/arm-none-eabi/9.3.1/../../../../arm-none-eabi/lib/thumb/v7-m/nofp\libc_nano.a(lib_a-init.o)
                              c:/st/stm32cubeide_1.7.0/stm32cubeide/plugins/com.st.stm32cube.ide.mcu.externaltools.gnu-tools-for-stm32.9-2020-q2-update.win32_2.0.0.202105311346/tools/bin/../lib/gcc/arm-none-eabi/9.3.1/../../../../arm-none-eabi/lib/thumb/v7-m/nofp/crt0.o (__libc_init_array)
c:/st/stm32cubeide_1.7.0/stm32cubeide/plugins/com.st.stm32cube.ide.mcu.externaltools.gnu-tools-for-stm32.9-2020-q2-update.win32_2.0.0.202105311346/tools/bin/../lib/gcc/arm-none-eabi/9.3.1/../../../../arm-none-eabi/lib/thumb/v7-m/nofp\libc_nano.a(lib_a-memset.o)
                              c:/st/stm32cubeide_1.7.0/stm32cubeide/plugins/com.st.stm32cube.ide.mcu.externaltools.gnu-tools-for-stm32.9-2020-q2-update.win32_2.0.0.202105311346/tools/bin/../lib/gcc/arm-none-eabi/9.3.1/../../../../arm-none-eabi/lib/thumb/v7-m/nofp/crt0.o (memset)

Allocating common symbols
Common symbol       size              file

timer_counter       0x50              ./Core/Src/softWareTimer.o
uwTick              0x4               ./Drivers/STM32F1xx_HAL_Driver/Src/stm32f1xx_hal.o
pFlash              0x20              ./Drivers/STM32F1xx_HAL_Driver/Src/stm32f1xx_hal_flash.o
timer_flag          0x50              ./Core/Src/softWareTimer.o
htim2               0x48              ./Core/Src/main.o

Discarded input sections

 .text          0x0000000000000000        0x0 c:/st/stm32cubeide_1.7.0/stm32cubeide/plugins/com.st.stm32cube.ide.mcu.externaltools.gnu-tools-for-stm32.9-2020-q2-update.win32_2.0.0.202105311346/tools/bin/../lib/gcc/arm-none-eabi/9.3.1/thumb/v7-m/nofp/crti.o
 .data          0x0000000000000000        0x0 c:/st/stm32cubeide_1.7.0/stm32cubeide/plugins/com.st.stm32cube.ide.mcu.externaltools.gnu-tools-for-stm32.9-2020-q2-update.win32_2.0.0.202105311346/tools/bin/../lib/gcc/arm-none-eabi/9.3.1/thumb/v7-m/nofp/crti.o
 .bss           0x0000000000000000        0x0 c:/st/stm32cubeide_1.7.0/stm32cubeide/plugins/com.st.stm32cube.ide.mcu.externaltools.gnu-tools-for-stm32.9-2020-q2-update.win32_2.0.0.202105311346/tools/bin/../lib/gcc/arm-none-eabi/9.3.1/thumb/v7-m/nofp/crti.o
 .data          0x0000000000000000        0x4 c:/st/stm32cubeide_1.7.0/stm32cubeide/plugins/com.st.stm32cube.ide.mcu.externaltools.gnu-tools-for-stm32.9-2020-q2-update.win32_2.0.0.202105311346/tools/bin/../lib/gcc/arm-none-eabi/9.3.1/thumb/v7-m/nofp/crtbegin.o
 .text          0x0000000000000000       0x7c c:/st/stm32cubeide_1.7.0/stm32cubeide/plugins/com.st.stm32cube.ide.mcu.externaltools.gnu-tools-for-stm32.9-2020-q2-update.win32_2.0.0.202105311346/tools/bin/../lib/gcc/arm-none-eabi/9.3.1/../../../../arm-none-eabi/lib/thumb/v7-m/nofp/crt0.o
 .data          0x0000000000000000        0x0 c:/st/stm32cubeide_1.7.0/stm32cubeide/plugins/com.st.stm32cube.ide.mcu.externaltools.gnu-tools-for-stm32.9-2020-q2-update.win32_2.0.0.202105311346/tools/bin/../lib/gcc/arm-none-eabi/9.3.1/../../../../arm-none-eabi/lib/thumb/v7-m/nofp/crt0.o
 .bss           0x0000000000000000        0x0 c:/st/stm32cubeide_1.7.0/stm32cubeide/plugins/com.st.stm32cube.ide.mcu.externaltools.gnu-tools-for-stm32.9-2020-q2-update.win32_2.0.0.202105311346/tools/bin/../lib/gcc/arm-none-eabi/9.3.1/../../../../arm-none-eabi/lib/thumb/v7-m/nofp/crt0.o
[...]
Memory Configuration

Name             Origin             Length             Attributes
RAM              0x0000000020000000 0x0000000000002800 xrw
FLASH            0x0000000008000000 0x0000000000008000 xr
*default*        0x0000000000000000 0xffffffffffffffff

Linker script and memory map

LOAD c:/st/stm32cubeide_1.7.0/stm32cubeide/plugins/com.st.stm32cube.ide.mcu.externaltools.gnu-tools-for-stm32.9-2020-q2-update.win32_2.0.0.202105311346/tools/bin/../lib/gcc/arm-none-eabi/9.3.1/thumb/v7-m/nofp/crti.o
LOAD c:/st/stm32cubeide_1.7.0/stm32cubeide/plugins/com.st.stm32cube.ide.mcu.externaltools.gnu-tools-for-stm32.9-2020-q2-update.win32_2.0.0.202105311346/tools/bin/../lib/gcc/arm-none-eabi/9.3.1/thumb/v7-m/nofp/crtbegin.o
LOAD c:/st/stm32cubeide_1.7.0/stm32cubeide/plugins/com.st.stm32cube.ide.mcu.externaltools.gnu-tools-for-stm32.9-2020-q2-update.win32_2.0.0.202105311346/tools/bin/../lib/gcc/arm-none-eabi/9.3.1/../../../../arm-none-eabi/lib/thumb/v7-m/nofp/crt0.o
LOAD ./Core/Src/button.o
LOAD ./Core/Src/fsm_automatic.o
LOAD ./Core/Src/fsm_config.o
LOAD ./Core/Src/fsm_manual.o
LOAD ./Core/Src/global.o
LOAD ./Core/Src/light_traffic.o
LOAD ./Core/Src/main.o
LOAD ./Core/Src/softWareTimer.o
LOAD ./Core/Src/stm32f1xx_hal_msp.o
LOAD ./Core/Src/stm32f1xx_it.o
LOAD ./Core/Src/syscalls.o
LOAD ./Core/Src/sysmem.o
LOAD ./Core/Src/system_stm32f1xx.o
LOAD ./Core/Startup/startup_stm32f103c6ux.o
LOAD ./Drivers/STM32F1xx_HAL_Driver/Src/stm32f1xx_hal.o
LOAD ./Drivers/STM32F1xx_HAL_Driver/Src/stm32f1xx_hal_cortex.o
LOAD ./Drivers/STM32F1xx_HAL_Driver/Src/stm32f1xx_hal_dma.o
LOAD ./Drivers/STM32F1xx_HAL_Driver/Src/stm32f1xx_hal_exti.o
LOAD ./Drivers/STM32F1xx_HAL_Driver/Src/stm32f1xx_hal_flash.o
LOAD ./Drivers/STM32F1xx_HAL_Driver/Src/stm32f1xx_hal_flash_ex.o
LOAD ./Drivers/STM32F1xx_HAL_Driver/Src/stm32f1xx_hal_gpio.o
LOAD ./Drivers/STM32F1xx_HAL_Driver/Src/stm32f1xx_hal_gpio_ex.o
LOAD ./Drivers/STM32F1xx_HAL_Driver/Src/stm32f1xx_hal_pwr.o
LOAD ./Drivers/STM32F1xx_HAL_Driver/Src/stm32f1xx_hal_rcc.o
LOAD ./Drivers/STM32F1xx_HAL_Driver/Src/stm32f1xx_hal_rcc_ex.o
LOAD ./Drivers/STM32F1xx_HAL_Driver/Src/stm32f1xx_hal_tim.o
LOAD ./Drivers/STM32F1xx_HAL_Driver/Src/stm32f1xx_hal_tim_ex.o
START GROUP
LOAD c:/st/stm32cubeide_1.7.0/stm32cubeide/plugins/com.st.stm32cube.ide.mcu.externaltools.gnu-tools-for-stm32.9-2020-q2-update.win32_2.0.0.202105311346/tools/bin/../lib/gcc/arm-none-eabi/9.3.1/../../../../arm-none-eabi/lib/thumb/v7-m/nofp\libc_nano.a
LOAD c:/st/stm32cubeide_1.7.0/stm32cubeide/plugins/com.st.stm32cube.ide.mcu.externaltools.gnu-tools-for-stm32.9-2020-q2-update.win32_2.0.0.202105311346/tools/bin/../lib/gcc/arm-none-eabi/9.3.1/../../../../arm-none-eabi/lib/thumb/v7-m/nofp\libm.a
END GROUP
START GROUP
LOAD c:/st/stm32cubeide_1.7.0/stm32cubeide/plugins/com.st.stm32cube.ide.mcu.externaltools.gnu-tools-for-stm32.9-2020-q2-update.win32_2.0.0.202105311346/tools/bin/../lib/gcc/arm-none-eabi/9.3.1/thumb/v7-m/nofp\libgcc.a
LOAD c:/st/stm32cubeide_1.7.0/stm32cubeide/plugins/com.st.stm32cube.ide.mcu.externaltools.gnu-tools-for-stm32.9-2020-q2-update.win32_2.0.0.202105311346/tools/bin/../lib/gcc/arm-none-eabi/9.3.1/../../../../arm-none-eabi/lib/thumb/v7-m/nofp\libc_nano.a
END GROUP
START GROUP
LOAD c:/st/stm32cubeide_1.7.0/stm32cubeide/plugins/com.st.stm32cube.ide.mcu.externaltools.gnu-tools-for-stm32.9-2020-q2-update.win32_2.0.0.202105311346/tools/bin/../lib/gcc/arm-none-eabi/9.3.1/thumb/v7-m/nofp\libgcc.a
LOAD c:/st/stm32cubeide_1.7.0/stm32cubeide/plugins/com.st.stm32cube.ide.mcu.externaltools.gnu-tools-for-stm32.9-2020-q2-update.win32_2.0.0.202105311346/tools/bin/../lib/gcc/arm-none-eabi/9.3.1/../../../../arm-none-eabi/lib/thumb/v7-m/nofp\libc_nano.a
LOAD c:/st/stm32cubeide_1.7.0/stm32cubeide/plugins/com.st.stm32cube.ide.mcu.externaltools.gnu-tools-for-stm32.9-2020-q2-update.win32_2.0.0.202105311346/tools/bin/../lib/gcc/arm-none-eabi/9.3.1/../../../../arm-none-eabi/lib/thumb/v7-m/nofp\libnosys.a
END GROUP
START GROUP
LOAD c:/st/stm32cubeide_1.7.0/stm32cubeide/plugins/com.st.stm32cube.ide.mcu.externaltools.gnu-tools-for-stm32.9-2020-q2-update.win32_2.0.0.202105311346/tools/bin/../lib/gcc/arm-none-eabi/9.3.1/thumb/v7-m/nofp\libgcc.a
LOAD c:/st/stm32cubeide_1.7.0/stm32cubeide/plugins/com.st.stm32cube.ide.mcu.externaltools.gnu-tools-for-stm32.9-2020-q2-update.win32_2.0.0.202105311346/tools/bin/../lib/gcc/arm-none-eabi/9.3.1/../../../../arm-none-eabi/lib/thumb/v7-m/nofp\libc_nano.a
LOAD c:/st/stm32cubeide_1.7.0/stm32cubeide/plugins/com.st.stm32cube.ide.mcu.externaltools.gnu-tools-for-stm32.9-2020-q2-update.win32_2.0.0.202105311346/tools/bin/../lib/gcc/arm-none-eabi/9.3.1/../../../../arm-none-eabi/lib/thumb/v7-m/nofp\libnosys.a
END GROUP
LOAD c:/st/stm32cubeide_1.7.0/stm32cubeide/plugins/com.st.stm32cube.ide.mcu.externaltools.gnu-tools-for-stm32.9-2020-q2-update.win32_2.0.0.202105311346/tools/bin/../lib/gcc/arm-none-eabi/9.3.1/thumb/v7-m/nofp/crtend.o
LOAD c:/st/stm32cubeide_1.7.0/stm32cubeide/plugins/com.st.stm32cube.ide.mcu.externaltools.gnu-tools-for-stm32.9-2020-q2-update.win32_2.0.0.202105311346/tools/bin/../lib/gcc/arm-none-eabi/9.3.1/thumb/v7-m/nofp/crtn.o
                0x0000000020002800                _estack = (ORIGIN (RAM) + LENGTH (RAM))
                0x0000000000000200                _Min_Heap_Size = 0x200
                0x0000000000000400                _Min_Stack_Size = 0x400

.isr_vector     0x0000000008000000      0x10c
                0x0000000008000000                . = ALIGN (0x4)
 *(.isr_vector)
 .isr_vector    0x0000000008000000      0x10c ./Core/Startup/startup_stm32f103c6ux.o
                0x0000000008000000                g_pfnVectors
                0x000000000800010c                . = ALIGN (0x4)

.text           0x000000000800010c     0x2b5c
                0x000000000800010c                . = ALIGN (0x4)
 *(.text)
 .text          0x000000000800010c       0x40 c:/st/stm32cubeide_1.7.0/stm32cubeide/plugins/com.st.stm32cube.ide.mcu.externaltools.gnu-tools-for-stm32.9-2020-q2-update.win32_2.0.0.202105311346/tools/bin/../lib/gcc/arm-none-eabi/9.3.1/thumb/v7-m/nofp/crtbegin.o
 *(.text*)
 .text.isButtonPressed
                0x000000000800014c       0x38 ./Core/Src/button.o
                0x000000000800014c                isButtonPressed
 .text.getKeyInput
                0x0000000008000184      0x134 ./Core/Src/button.o
                0x0000000008000184                getKeyInput
 .text.fsm_automatic_run
                0x00000000080002b8      0x35c ./Core/Src/fsm_automatic.o
                0x00000000080002b8                fsm_automatic_run
 .text.fsm_config_run
                0x0000000008000614      0x390 ./Core/Src/fsm_config.o
                0x0000000008000614                fsm_config_run
 .text.fsm_manual_run
                0x00000000080009a4      0x1f0 ./Core/Src/fsm_manual.o
                0x00000000080009a4                fsm_manual_run
 .text.setTrafficLight
                0x0000000008000b94      0x2f4 ./Core/Src/light_traffic.o
                0x0000000008000b94                setTrafficLight
 .text.turnOffTrafficLight
                0x0000000008000e88       0x54 ./Core/Src/light_traffic.o
                0x0000000008000e88                turnOffTrafficLight
 .text.main     0x0000000008000edc       0x60 ./Core/Src/main.o
                0x0000000008000edc                main
 .text.SystemClock_Config
                0x0000000008000f3c       0x76 ./Core/Src/main.o
                0x0000000008000f3c                SystemClock_Config
 *fill*         0x0000000008000fb2        0x2 
 .text.MX_TIM2_Init
                0x0000000008000fb4       0x98 ./Core/Src/main.o
 .text.MX_GPIO_Init
                0x000000000800104c       0xe4 ./Core/Src/main.o
 .text.HAL_TIM_PeriodElapsedCallback
                0x0000000008001130       0x18 ./Core/Src/main.o
                0x0000000008001130                HAL_TIM_PeriodElapsedCallback
 .text.display7SEG
                0x0000000008001148       0xc8 ./Core/Src/main.o
                0x0000000008001148                display7SEG
 .text.turnOFF7SEG
                0x0000000008001210       0x38 ./Core/Src/main.o
                0x0000000008001210                turnOFF7SEG
 .text.update7SEG
                0x0000000008001248      0x118 ./Core/Src/main.o
                0x0000000008001248                update7SEG
 .text.update7SEGBuffer
                0x0000000008001360       0x78 ./Core/Src/main.o
                0x0000000008001360                update7SEGBuffer
 .text.Error_Handler
                0x00000000080013d8        0xa ./Core/Src/main.o
                0x00000000080013d8                Error_Handler
 *fill*         0x00000000080013e2        0x2 
 .text.setTimer
                0x00000000080013e4       0x50 ./Core/Src/softWareTimer.o
                0x00000000080013e4                setTimer
 .text.isTimerExpire
                0x0000000008001434       0x34 ./Core/Src/softWareTimer.o
                0x0000000008001434                isTimerExpire
 .text.timerRun
                0x0000000008001468       0x54 ./Core/Src/softWareTimer.o
                0x0000000008001468                timerRun
 .text.HAL_MspInit
                0x00000000080014bc       0x64 ./Core/Src/stm32f1xx_hal_msp.o
                0x00000000080014bc                HAL_MspInit
 .text.HAL_TIM_Base_MspInit
                0x0000000008001520       0x48 ./Core/Src/stm32f1xx_hal_msp.o
                0x0000000008001520                HAL_TIM_Base_MspInit
 .text.NMI_Handler
                0x0000000008001568        0x6 ./Core/Src/stm32f1xx_it.o
                0x0000000008001568                NMI_Handler
 .text.HardFault_Handler
                0x000000000800156e        0x6 ./Core/Src/stm32f1xx_it.o
                0x000000000800156e                HardFault_Handler
 .text.MemManage_Handler
                0x0000000008001574        0x6 ./Core/Src/stm32f1xx_it.o
                0x0000000008001574                MemManage_Handler
 .text.BusFault_Handler
                0x000000000800157a        0x6 ./Core/Src/stm32f1xx_it.o
                0x000000000800157a                BusFault_Handler
 .text.UsageFault_Handler
                0x0000000008001580        0x6 ./Core/Src/stm32f1xx_it.o
                0x0000000008001580                UsageFault_Handler
 .text.SVC_Handler
                0x0000000008001586        0xc ./Core/Src/stm32f1xx_it.o
                0x0000000008001586                SVC_Handler
 .text.DebugMon_Handler
                0x0000000008001592        0xc ./Core/Src/stm32f1xx_it.o
                0x0000000008001592                DebugMon_Handler
 .text.PendSV_Handler
                0x000000000800159e        0xc ./Core/Src/stm32f1xx_it.o
                0x000000000800159e                PendSV_Handler
 .text.SysTick_Handler
                0x00000000080015aa        0xc ./Core/Src/stm32f1xx_it.o
                0x00000000080015aa                SysTick_Handler
 *fill*         0x00000000080015b6        0x2 
 .text.TIM2_IRQHandler
                0x00000000080015b8       0x14 ./Core/Src/stm32f1xx_it.o
                0x00000000080015b8                TIM2_IRQHandler
 .text.SystemInit
                0x00000000080015cc        0xc ./Core/Src/system_stm32f1xx.o
                0x00000000080015cc                SystemInit
 .text.Reset_Handler
                0x00000000080015d8       0x48 ./Core/Startup/startup_stm32f103c6ux.o
                0x00000000080015d8                Reset_Handler
 .text.Default_Handler
                0x0000000008001620        0x2 ./Core/Startup/startup_stm32f103c6ux.o
                0x0000000008001620                RTC_Alarm_IRQHandler
                0x0000000008001620                EXTI2_IRQHandler
                0x0000000008001620                TIM1_CC_IRQHandler
                0x0000000008001620                PVD_IRQHandler
                0x0000000008001620                EXTI3_IRQHandler
                0x0000000008001620                EXTI0_IRQHandler
                0x0000000008001620                ADC1_2_IRQHandler
                0x0000000008001620                SPI1_IRQHandler
                0x0000000008001620                TAMPER_IRQHandler
                0x0000000008001620                DMA1_Channel4_IRQHandler
                0x0000000008001620                RTC_IRQHandler
                0x0000000008001620                DMA1_Channel7_IRQHandler
                0x0000000008001620                CAN1_RX1_IRQHandler
                0x0000000008001620                I2C1_EV_IRQHandler
                0x0000000008001620                DMA1_Channel6_IRQHandler
                0x0000000008001620                TIM3_IRQHandler
                0x0000000008001620                RCC_IRQHandler
                0x0000000008001620                TIM1_TRG_COM_IRQHandler
                0x0000000008001620                DMA1_Channel1_IRQHandler
                0x0000000008001620                Default_Handler
                0x0000000008001620                EXTI15_10_IRQHandler
                0x0000000008001620                EXTI9_5_IRQHandler
                0x0000000008001620                DMA1_Channel5_IRQHandler
                0x0000000008001620                EXTI4_IRQHandler
                0x0000000008001620                USB_LP_CAN1_RX0_IRQHandler
                0x0000000008001620                USB_HP_CAN1_TX_IRQHandler
                0x0000000008001620                DMA1_Channel3_IRQHandler
                0x0000000008001620                TIM1_UP_IRQHandler
                0x0000000008001620                WWDG_IRQHandler
                0x0000000008001620                TIM1_BRK_IRQHandler
                0x0000000008001620                EXTI1_IRQHandler
                0x0000000008001620                USART2_IRQHandler
                0x0000000008001620                DMA1_Channel2_IRQHandler
                0x0000000008001620                CAN1_SCE_IRQHandler
                0x0000000008001620                FLASH_IRQHandler
                0x0000000008001620                USART1_IRQHandler
                0x0000000008001620                I2C1_ER_IRQHandler
                0x0000000008001620                USBWakeUp_IRQHandler
 *fill*         0x0000000008001622        0x2 
 .text.HAL_Init
                0x0000000008001624       0x2c ./Drivers/STM32F1xx_HAL_Driver/Src/stm32f1xx_hal.o
                0x0000000008001624                HAL_Init
 .text.HAL_InitTick
                0x0000000008001650       0x60 ./Drivers/STM32F1xx_HAL_Driver/Src/stm32f1xx_hal.o
                0x0000000008001650                HAL_InitTick
 .text.HAL_IncTick
                0x00000000080016b0       0x24 ./Drivers/STM32F1xx_HAL_Driver/Src/stm32f1xx_hal.o
                0x00000000080016b0                HAL_IncTick
 .text.HAL_GetTick
                0x00000000080016d4       0x14 ./Drivers/STM32F1xx_HAL_Driver/Src/stm32f1xx_hal.o
                0x00000000080016d4                HAL_GetTick
 .text.__NVIC_SetPriorityGrouping
                0x00000000080016e8       0x48 ./Drivers/STM32F1xx_HAL_Driver/Src/stm32f1xx_hal_cortex.o
 .text.__NVIC_GetPriorityGrouping
                0x0000000008001730       0x1c ./Drivers/STM32F1xx_HAL_Driver/Src/stm32f1xx_hal_cortex.o
 .text.__NVIC_EnableIRQ
                0x000000000800174c       0x38 ./Drivers/STM32F1xx_HAL_Driver/Src/stm32f1xx_hal_cortex.o
 .text.__NVIC_SetPriority
                0x0000000008001784       0x54 ./Drivers/STM32F1xx_HAL_Driver/Src/stm32f1xx_hal_cortex.o
 .text.NVIC_EncodePriority
                0x00000000080017d8       0x64 ./Drivers/STM32F1xx_HAL_Driver/Src/stm32f1xx_hal_cortex.o
 .text.SysTick_Config
                0x000000000800183c       0x44 ./Drivers/STM32F1xx_HAL_Driver/Src/stm32f1xx_hal_cortex.o
 .text.HAL_NVIC_SetPriorityGrouping
                0x0000000008001880       0x16 ./Drivers/STM32F1xx_HAL_Driver/Src/stm32f1xx_hal_cortex.o
                0x0000000008001880                HAL_NVIC_SetPriorityGrouping
 .text.HAL_NVIC_SetPriority
                0x0000000008001896       0x38 ./Drivers/STM32F1xx_HAL_Driver/Src/stm32f1xx_hal_cortex.o
                0x0000000008001896                HAL_NVIC_SetPriority
 .text.HAL_NVIC_EnableIRQ
                0x00000000080018ce       0x1c ./Drivers/STM32F1xx_HAL_Driver/Src/stm32f1xx_hal_cortex.o
                0x00000000080018ce                HAL_NVIC_EnableIRQ
 .text.HAL_SYSTICK_Config
                0x00000000080018ea       0x18 ./Drivers/STM32F1xx_HAL_Driver/Src/stm32f1xx_hal_cortex.o
                0x00000000080018ea                HAL_SYSTICK_Config
 *fill*         0x0000000008001902        0x2 
 .text.HAL_GPIO_Init
                0x0000000008001904      0x2f4 ./Drivers/STM32F1xx_HAL_Driver/Src/stm32f1xx_hal_gpio.o
                0x0000000008001904                HAL_GPIO_Init
 .text.HAL_GPIO_ReadPin
                0x0000000008001bf8       0x2e ./Drivers/STM32F1xx_HAL_Driver/Src/stm32f1xx_hal_gpio.o
                0x0000000008001bf8                HAL_GPIO_ReadPin
 .text.HAL_GPIO_WritePin
                0x0000000008001c26       0x30 ./Drivers/STM32F1xx_HAL_Driver/Src/stm32f1xx_hal_gpio.o
                0x0000000008001c26                HAL_GPIO_WritePin
 .text.HAL_GPIO_TogglePin
                0x0000000008001c56       0x32 ./Drivers/STM32F1xx_HAL_Driver/Src/stm32f1xx_hal_gpio.o
                0x0000000008001c56                HAL_GPIO_TogglePin
 .text.HAL_RCC_OscConfig
                0x0000000008001c88      0x500 ./Drivers/STM32F1xx_HAL_Driver/Src/stm32f1xx_hal_rcc.o
                0x0000000008001c88                HAL_RCC_OscConfig
 .text.HAL_RCC_ClockConfig
                0x0000000008002188      0x1d4 ./Drivers/STM32F1xx_HAL_Driver/Src/stm32f1xx_hal_rcc.o
                0x0000000008002188                HAL_RCC_ClockConfig
 .text.HAL_RCC_GetSysClockFreq
                0x000000000800235c       0xa8 ./Drivers/STM32F1xx_HAL_Driver/Src/stm32f1xx_hal_rcc.o
                0x000000000800235c                HAL_RCC_GetSysClockFreq
 .text.RCC_Delay
                0x0000000008002404       0x3c ./Drivers/STM32F1xx_HAL_Driver/Src/stm32f1xx_hal_rcc.o
 .text.HAL_TIM_Base_Init
                0x0000000008002440       0x9e ./Drivers/STM32F1xx_HAL_Driver/Src/stm32f1xx_hal_tim.o
                0x0000000008002440                HAL_TIM_Base_Init
 *fill*         0x00000000080024de        0x2 
 .text.HAL_TIM_Base_Start_IT
                0x00000000080024e0       0x98 ./Drivers/STM32F1xx_HAL_Driver/Src/stm32f1xx_hal_tim.o
                0x00000000080024e0                HAL_TIM_Base_Start_IT
 .text.HAL_TIM_IRQHandler
                0x0000000008002578      0x1e0 ./Drivers/STM32F1xx_HAL_Driver/Src/stm32f1xx_hal_tim.o
                0x0000000008002578                HAL_TIM_IRQHandler
 .text.HAL_TIM_ConfigClockSource
                0x0000000008002758      0x18e ./Drivers/STM32F1xx_HAL_Driver/Src/stm32f1xx_hal_tim.o
                0x0000000008002758                HAL_TIM_ConfigClockSource
 .text.HAL_TIM_OC_DelayElapsedCallback
                0x00000000080028e6       0x12 ./Drivers/STM32F1xx_HAL_Driver/Src/stm32f1xx_hal_tim.o
                0x00000000080028e6                HAL_TIM_OC_DelayElapsedCallback
 .text.HAL_TIM_IC_CaptureCallback
                0x00000000080028f8       0x12 ./Drivers/STM32F1xx_HAL_Driver/Src/stm32f1xx_hal_tim.o
                0x00000000080028f8                HAL_TIM_IC_CaptureCallback
 .text.HAL_TIM_PWM_PulseFinishedCallback
                0x000000000800290a       0x12 ./Drivers/STM32F1xx_HAL_Driver/Src/stm32f1xx_hal_tim.o
                0x000000000800290a                HAL_TIM_PWM_PulseFinishedCallback
 .text.HAL_TIM_TriggerCallback
                0x000000000800291c       0x12 ./Drivers/STM32F1xx_HAL_Driver/Src/stm32f1xx_hal_tim.o
                0x000000000800291c                HAL_TIM_TriggerCallback
 *fill*         0x000000000800292e        0x2 
 .text.TIM_Base_SetConfig
                0x0000000008002930       0xc8 ./Drivers/STM32F1xx_HAL_Driver/Src/stm32f1xx_hal_tim.o
                0x0000000008002930                TIM_Base_SetConfig
 .text.TIM_TI1_ConfigInputStage
                0x00000000080029f8       0x5c ./Drivers/STM32F1xx_HAL_Driver/Src/stm32f1xx_hal_tim.o
 .text.TIM_TI2_ConfigInputStage
                0x0000000008002a54       0x5e ./Drivers/STM32F1xx_HAL_Driver/Src/stm32f1xx_hal_tim.o
 .text.TIM_ITRx_SetConfig
                0x0000000008002ab2       0x34 ./Drivers/STM32F1xx_HAL_Driver/Src/stm32f1xx_hal_tim.o
 .text.TIM_ETR_SetConfig
                0x0000000008002ae6       0x3e ./Drivers/STM32F1xx_HAL_Driver/Src/stm32f1xx_hal_tim.o
                0x0000000008002ae6                TIM_ETR_SetConfig
 .text.HAL_TIMEx_MasterConfigSynchronization
                0x0000000008002b24       0xb0 ./Drivers/STM32F1xx_HAL_Driver/Src/stm32f1xx_hal_tim_ex.o
                0x0000000008002b24                HAL_TIMEx_MasterConfigSynchronization
 .text.HAL_TIMEx_CommutCallback
                0x0000000008002bd4       0x12 ./Drivers/STM32F1xx_HAL_Driver/Src/stm32f1xx_hal_tim_ex.o
                0x0000000008002bd4                HAL_TIMEx_CommutCallback
 .text.HAL_TIMEx_BreakCallback
                0x0000000008002be6       0x12 ./Drivers/STM32F1xx_HAL_Driver/Src/stm32f1xx_hal_tim_ex.o
                0x0000000008002be6                HAL_TIMEx_BreakCallback
 .text.__libc_init_array
                0x0000000008002bf8       0x48 c:/st/stm32cubeide_1.7.0/stm32cubeide/plugins/com.st.stm32cube.ide.mcu.externaltools.gnu-tools-for-stm32.9-2020-q2-update.win32_2.0.0.202105311346/tools/bin/../lib/gcc/arm-none-eabi/9.3.1/../../../../arm-none-eabi/lib/thumb/v7-m/nofp\libc_nano.a(lib_a-init.o)
                0x0000000008002bf8                __libc_init_array
 .text.memset   0x0000000008002c40       0x10 c:/st/stm32cubeide_1.7.0/stm32cubeide/plugins/com.st.stm32cube.ide.mcu.externaltools.gnu-tools-for-stm32.9-2020-q2-update.win32_2.0.0.202105311346/tools/bin/../lib/gcc/arm-none-eabi/9.3.1/../../../../arm-none-eabi/lib/thumb/v7-m/nofp\libc_nano.a(lib_a-memset.o)
                0x0000000008002c40                memset
 *(.glue_7)
 .glue_7        0x0000000008002c50        0x0 linker stubs
 *(.glue_7t)
 .glue_7t       0x0000000008002c50        0x0 linker stubs
 *(.eh_frame)
 .eh_frame      0x0000000008002c50        0x0 c:/st/stm32cubeide_1.7.0/stm32cubeide/plugins/com.st.stm32cube.ide.mcu.externaltools.gnu-tools-for-stm32.9-2020-q2-update.win32_2.0.0.202105311346/tools/bin/../lib/gcc/arm-none-eabi/9.3.1/thumb/v7-m/nofp/crtbegin.o
 *(.init)
 .init          0x0000000008002c50        0x4 c:/st/stm32cubeide_1.7.0/stm32cubeide/plugins/com.st.stm32cube.ide.mcu.externaltools.gnu-tools-for-stm32.9-2020-q2-update.win32_2.0.0.202105311346/tools/bin/../lib/gcc/arm-none-eabi/9.3.1/thumb/v7-m/nofp/crti.o
                0x0000000008002c50                _init
 .init          0x0000000008002c54        0x8 c:/st/stm32cubeide_1.7.0/stm32cubeide/plugins/com.st.stm32cube.ide.mcu.externaltools.gnu-tools-for-stm32.9-2020-q2-update.win32_2.0.0.202105311346/tools/bin/../lib/gcc/arm-none-eabi/9.3.1/thumb/v7-m/nofp/crtn.o
 *(.fini)
 .fini          0x0000000008002c5c        0x4 c:/st/stm32cubeide_1.7.0/stm32cubeide/plugins/com.st.stm32cube.ide.mcu.externaltools.gnu-tools-for-stm32.9-2020-q2-update.win32_2.0.0.202105311346/tools/bin/../lib/gcc/arm-none-eabi/9.3.1/thumb/v7-m/nofp/crti.o
                0x0000000008002c5c                _fini
 .fini          0x0000000008002c60        0x8 c:/st/stm32cubeide_1.7.0/stm32cubeide/plugins/com.st.stm32cube.ide.mcu.externaltools.gnu-tools-for-stm32.9-2020-q2-update.win32_2.0.0.202105311346/tools/bin/../lib/gcc/arm-none-eabi/9.3.1/thumb/v7-m/nofp/crtn.o
                0x0000000008002c68                . = ALIGN (0x4)
                0x0000000008002c68                _etext = .

.vfp11_veneer   0x0000000008002c68        0x0
 .vfp11_veneer  0x0000000008002c68        0x0 linker stubs

.v4_bx          0x0000000008002c68        0x0
 .v4_bx         0x0000000008002c68        0x0 linker stubs

.iplt           0x0000000008002c68        0x0
 .iplt          0x0000000008002c68        0x0 c:/st/stm32cubeide_1.7.0/stm32cubeide/plugins/com.st.stm32cube.ide.mcu.externaltools.gnu-tools-for-stm32.9-2020-q2-update.win32_2.0.0.202105311346/tools/bin/../lib/gcc/arm-none-eabi/9.3.1/thumb/v7-m/nofp/crtbegin.o

.rodata         0x0000000008002c68       0x30
                0x0000000008002c68                . = ALIGN (0x4)
 *(.rodata)
 *(.rodata*)
 .rodata.seg_table
                0x0000000008002c68        0xa ./Core/Src/global.o
                0x0000000008002c68                seg_table
 *fill*         0x0000000008002c72        0x2 
 .rodata.AHBPrescTable
                0x0000000008002c74       0x10 ./Core/Src/system_stm32f1xx.o
                0x0000000008002c74                AHBPrescTable
 .rodata.aPLLMULFactorTable.6032
                0x0000000008002c84       0x10 ./Drivers/STM32F1xx_HAL_Driver/Src/stm32f1xx_hal_rcc.o
 .rodata.aPredivFactorTable.6033
                0x0000000008002c94        0x2 ./Drivers/STM32F1xx_HAL_Driver/Src/stm32f1xx_hal_rcc.o
                0x0000000008002c98                . = ALIGN (0x4)
 *fill*         0x0000000008002c96        0x2 

.rel.dyn        0x0000000008002c98        0x0
 .rel.iplt      0x0000000008002c98        0x0 c:/st/stm32cubeide_1.7.0/stm32cubeide/plugins/com.st.stm32cube.ide.mcu.externaltools.gnu-tools-for-stm32.9-2020-q2-update.win32_2.0.0.202105311346/tools/bin/../lib/gcc/arm-none-eabi/9.3.1/thumb/v7-m/nofp/crtbegin.o

.ARM.extab      0x0000000008002c98        0x0
                0x0000000008002c98                . = ALIGN (0x4)
 *(.ARM.extab* .gnu.linkonce.armextab.*)
                0x0000000008002c98                . = ALIGN (0x4)

.ARM            0x0000000008002c98        0x0
                0x0000000008002c98                . = ALIGN (0x4)
                0x0000000008002c98                __exidx_start = .
 *(.ARM.exidx*)
                0x0000000008002c98                __exidx_end = .
                0x0000000008002c98                . = ALIGN (0x4)

.preinit_array  0x0000000008002c98        0x0
                0x0000000008002c98                . = ALIGN (0x4)
                0x0000000008002c98                PROVIDE (__preinit_array_start = .)
 *(.preinit_array*)
                0x0000000008002c98                PROVIDE (__preinit_array_end = .)
                0x0000000008002c98                . = ALIGN (0x4)

.init_array     0x0000000008002c98        0x4
                0x0000000008002c98                . = ALIGN (0x4)
                0x0000000008002c98                PROVIDE (__init_array_start = .)
 *(SORT_BY_NAME(.init_array.*))
 *(.init_array*)
 .init_array    0x0000000008002c98        0x4 c:/st/stm32cubeide_1.7.0/stm32cubeide/plugins/com.st.stm32cube.ide.mcu.externaltools.gnu-tools-for-stm32.9-2020-q2-update.win32_2.0.0.202105311346/tools/bin/../lib/gcc/arm-none-eabi/9.3.1/thumb/v7-m/nofp/crtbegin.o
                0x0000000008002c9c                PROVIDE (__init_array_end = .)
                0x0000000008002c9c                . = ALIGN (0x4)

.fini_array     0x0000000008002c9c        0x4
                0x0000000008002c9c                . = ALIGN (0x4)
                [!provide]                        PROVIDE (__fini_array_start = .)
 *(SORT_BY_NAME(.fini_array.*))
 *(.fini_array*)
 .fini_array    0x0000000008002c9c        0x4 c:/st/stm32cubeide_1.7.0/stm32cubeide/plugins/com.st.stm32cube.ide.mcu.externaltools.gnu-tools-for-stm32.9-2020-q2-update.win32_2.0.0.202105311346/tools/bin/../lib/gcc/arm-none-eabi/9.3.1/thumb/v7-m/nofp/crtbegin.o
                [!provide]                        PROVIDE (__fini_array_end = .)
                0x0000000008002ca0                . = ALIGN (0x4)
                0x0000000008002ca0                _sidata = LOADADDR (.data)

.data           0x0000000020000000       0x78 load address 0x0000000008002ca0
                0x0000000020000000                . = ALIGN (0x4)
                0x0000000020000000                _sdata = .
 *(.data)
 *(.data*)
 .data.KeyReg0  0x0000000020000000        0xc ./Core/Src/button.o
                0x0000000020000000                KeyReg0
 .data.KeyReg1  0x000000002000000c        0xc ./Core/Src/button.o
                0x000000002000000c                KeyReg1
 .data.KeyReg2  0x0000000020000018        0xc ./Core/Src/button.o
                0x0000000020000018                KeyReg2
 .data.KeyReg3  0x0000000020000024        0xc ./Core/Src/button.o
                0x0000000020000024                KeyReg3
 .data.TimeOutForKeyPress
                0x0000000020000030        0xc ./Core/Src/button.o
                0x0000000020000030                TimeOutForKeyPress
 .data.BUTTON_PORT
                0x000000002000003c        0xc ./Core/Src/button.o
                0x000000002000003c                BUTTON_PORT
 .data.BUTTON_PIN
                0x0000000020000048        0x6 ./Core/Src/button.o
                0x0000000020000048                BUTTON_PIN
 *fill*         0x000000002000004e        0x2 
 .data.led_buffer
                0x0000000020000050       0x10 ./Core/Src/global.o
                0x0000000020000050                led_buffer
 .data.T_RED    0x0000000020000060        0x4 ./Core/Src/global.o
                0x0000000020000060                T_RED
 .data.T_YELLOW
                0x0000000020000064        0x4 ./Core/Src/global.o
                0x0000000020000064                T_YELLOW
 .data.T_GREEN  0x0000000020000068        0x4 ./Core/Src/global.o
                0x0000000020000068                T_GREEN
 .data.SystemCoreClock
                0x000000002000006c        0x4 ./Core/Src/system_stm32f1xx.o
                0x000000002000006c                SystemCoreClock
 .data.uwTickPrio
                0x0000000020000070        0x4 ./Drivers/STM32F1xx_HAL_Driver/Src/stm32f1xx_hal.o
                0x0000000020000070                uwTickPrio
 .data.uwTickFreq
                0x0000000020000074        0x1 ./Drivers/STM32F1xx_HAL_Driver/Src/stm32f1xx_hal.o
                0x0000000020000074                uwTickFreq
 *(.RamFunc)
 *(.RamFunc*)
                0x0000000020000078                . = ALIGN (0x4)
 *fill*         0x0000000020000075        0x3 
                0x0000000020000078                _edata = .

.igot.plt       0x0000000020000078        0x0 load address 0x0000000008002d18
 .igot.plt      0x0000000020000078        0x0 c:/st/stm32cubeide_1.7.0/stm32cubeide/plugins/com.st.stm32cube.ide.mcu.externaltools.gnu-tools-for-stm32.9-2020-q2-update.win32_2.0.0.202105311346/tools/bin/../lib/gcc/arm-none-eabi/9.3.1/thumb/v7-m/nofp/crtbegin.o
                0x0000000020000078                . = ALIGN (0x4)

.bss            0x0000000020000078      0x134 load address 0x0000000008002d18
                0x0000000020000078                _sbss = .
                0x0000000020000078                __bss_start__ = _sbss
 *(.bss)
 .bss           0x0000000020000078       0x1c c:/st/stm32cubeide_1.7.0/stm32cubeide/plugins/com.st.stm32cube.ide.mcu.externaltools.gnu-tools-for-stm32.9-2020-q2-update.win32_2.0.0.202105311346/tools/bin/../lib/gcc/arm-none-eabi/9.3.1/thumb/v7-m/nofp/crtbegin.o
 *(.bss*)
 .bss.button_flag
                0x0000000020000094        0xc ./Core/Src/button.o
                0x0000000020000094                button_flag
 .bss.index_led
                0x00000000200000a0        0x4 ./Core/Src/global.o
                0x00000000200000a0                index_led
 .bss.T_RED_modify
                0x00000000200000a4        0x4 ./Core/Src/global.o
                0x00000000200000a4                T_RED_modify
 .bss.T_YELLOW_modify
                0x00000000200000a8        0x4 ./Core/Src/global.o
                0x00000000200000a8                T_YELLOW_modify
 .bss.T_GREEN_modify
                0x00000000200000ac        0x4 ./Core/Src/global.o
                0x00000000200000ac                T_GREEN_modify
 .bss.counterA  0x00000000200000b0        0x4 ./Core/Src/global.o
                0x00000000200000b0                counterA
 .bss.counterB  0x00000000200000b4        0x4 ./Core/Src/global.o
                0x00000000200000b4                counterB
 .bss.status    0x00000000200000b8        0x4 ./Core/Src/global.o
                0x00000000200000b8                status
 .bss.entered   0x00000000200000bc        0x4 ./Core/Src/global.o
                0x00000000200000bc                entered
 *(COMMON)
 COMMON         0x00000000200000c0       0x48 ./Core/Src/main.o
                0x00000000200000c0                htim2
 COMMON         0x0000000020000108       0xa0 ./Core/Src/softWareTimer.o
                0x0000000020000108                timer_counter
                0x0000000020000158                timer_flag
 COMMON         0x00000000200001a8        0x4 ./Drivers/STM32F1xx_HAL_Driver/Src/stm32f1xx_hal.o
                0x00000000200001a8                uwTick
                0x00000000200001ac                . = ALIGN (0x4)
                0x00000000200001ac                _ebss = .
                0x00000000200001ac                __bss_end__ = _ebss

._user_heap_stack
                0x00000000200001ac      0x604 load address 0x0000000008002d18
                0x00000000200001b0                . = ALIGN (0x8)
 *fill*         0x00000000200001ac        0x4 
                [!provide]                        PROVIDE (end = .)
                0x00000000200001b0                PROVIDE (_end = .)
                0x00000000200003b0                . = (. + _Min_Heap_Size)
 *fill*         0x00000000200001b0      0x200 
                0x00000000200007b0                . = (. + _Min_Stack_Size)
 *fill*         0x00000000200003b0      0x400 
                0x00000000200007b0                . = ALIGN (0x8)

/DISCARD/
 libc.a(*)
 libm.a(*)
 libgcc.a(*)

.ARM.attributes
                0x0000000000000000       0x29
 *(.ARM.attributes)
 .ARM.attributes
                0x0000000000000000       0x1d c:/st/stm32cubeide_1.7.0/stm32cubeide/plugins/com.st.stm32cube.ide.mcu.externaltools.gnu-tools-for-stm32.9-2020-q2-update.win32_2.0.0.202105311346/tools/bin/../lib/gcc/arm-none-eabi/9.3.1/thumb/v7-m/nofp/crti.o
 .ARM.attributes
                0x000000000000001d       0x2d c:/st/stm32cubeide_1.7.0/stm32cubeide/plugins/com.st.stm32cube.ide.mcu.externaltools.gnu-tools-for-stm32.9-2020-q2-update.win32_2.0.0.202105311346/tools/bin/../lib/gcc/arm-none-eabi/9.3.1/thumb/v7-m/nofp/crtbegin.o
 .ARM.attributes
                0x000000000000004a       0x2d ./Core/Src/button.o
 .ARM.attributes
                0x0000000000000077       0x2d ./Core/Src/fsm_automatic.o
 .ARM.attributes
                0x00000000000000a4       0x2d ./Core/Src/fsm_config.o
 .ARM.attributes
                0x00000000000000d1       0x2d ./Core/Src/fsm_manual.o
 .ARM.attributes
                0x00000000000000fe       0x33 ./Core/Src/global.o
 .ARM.attributes
                0x0000000000000131       0x2d ./Core/Src/light_traffic.o
 .ARM.attributes
                0x000000000000015e       0x2d ./Core/Src/main.o
 .ARM.attributes
                0x000000000000018b       0x2d ./Core/Src/softWareTimer.o
 .ARM.attributes
                0x00000000000001b8       0x2d ./Core/Src/stm32f1xx_hal_msp.o
 .ARM.attributes
                0x00000000000001e5       0x2d ./Core/Src/stm32f1xx_it.o
 .ARM.attributes
                0x0000000000000212       0x2d ./Core/Src/system_stm32f1xx.o
 .ARM.attributes
                0x000000000000023f       0x21 ./Core/Startup/startup_stm32f103c6ux.o
 .ARM.attributes
                0x0000000000000260       0x2d ./Drivers/STM32F1xx_HAL_Driver/Src/stm32f1xx_hal.o
 .ARM.attributes
                0x000000000000028d       0x2d ./Drivers/STM32F1xx_HAL_Driver/Src/stm32f1xx_hal_cortex.o
 .ARM.attributes
                0x00000000000002ba       0x2d ./Drivers/STM32F1xx_HAL_Driver/Src/stm32f1xx_hal_gpio.o
 .ARM.attributes
                0x00000000000002e7       0x2d ./Drivers/STM32F1xx_HAL_Driver/Src/stm32f1xx_hal_rcc.o
 .ARM.attributes
                0x0000000000000314       0x2d ./Drivers/STM32F1xx_HAL_Driver/Src/stm32f1xx_hal_tim.o
 .ARM.attributes
                0x0000000000000341       0x2d ./Drivers/STM32F1xx_HAL_Driver/Src/stm32f1xx_hal_tim_ex.o
 .ARM.attributes
                0x000000000000036e       0x2d c:/st/stm32cubeide_1.7.0/stm32cubeide/plugins/com.st.stm32cube.ide.mcu.externaltools.gnu-tools-for-stm32.9-2020-q2-update.win32_2.0.0.202105311346/tools/bin/../lib/gcc/arm-none-eabi/9.3.1/../../../../arm-none-eabi/lib/thumb/v7-m/nofp\libc_nano.a(lib_a-init.o)
 .ARM.attributes
                0x000000000000039b       0x2d c:/st/stm32cubeide_1.7.0/stm32cubeide/plugins/com.st.stm32cube.ide.mcu.externaltools.gnu-tools-for-stm32.9-2020-q2-update.win32_2.0.0.202105311346/tools/bin/../lib/gcc/arm-none-eabi/9.3.1/../../../../arm-none-eabi/lib/thumb/v7-m/nofp\libc_nano.a(lib_a-memset.o)
 .ARM.attributes
                0x00000000000003c8       0x1d c:/st/stm32cubeide_1.7.0/stm32cubeide/plugins/com.st.stm32cube.ide.mcu.externaltools.gnu-tools-for-stm32.9-2020-q2-update.win32_2.0.0.202105311346/tools/bin/../lib/gcc/arm-none-eabi/9.3.1/thumb/v7-m/nofp/crtn.o
OUTPUT(Lab3.elf elf32-littlearm)
LOAD linker stubs
LOAD c:/st/stm32cubeide_1.7.0/stm32cubeide/plugins/com.st.stm32cube.ide.mcu.externaltools.gnu-tools-for-stm32.9-2020-q2-update.win32_2.0.0.202105311346/tools/bin/../lib/gcc/arm-none-eabi/9.3.1/../../../../arm-none-eabi/lib/thumb/v7-m/nofp\libc.a
LOAD c:/st/stm32cubeide_1.7.0/stm32cubeide/plugins/com.st.stm32cube.ide.mcu.externaltools.gnu-tools-for-stm32.9-2020-q2-update.win32_2.0.0.202105311346/tools/bin/../lib/gcc/arm-none-eabi/9.3.1/../../../../arm-none-eabi/lib/thumb/v7-m/nofp\libm.a
LOAD c:/st/stm32cubeide_1.7.0/stm32cubeide/plugins/com.st.stm32cube.ide.mcu.externaltools.gnu-tools-for-stm32.9-2020-q2-update.win32_2.0.0.202105311346/tools/bin/../lib/gcc/arm-none-eabi/9.3.1/thumb/v7-m/nofp\libgcc.a

.debug_info     0x0000000000000000     0x9fde
 .debug_info    0x0000000000000000      0x525 ./Core/Src/button.o
 .debug_info    0x0000000000000525      0x34d ./Core/Src/fsm_automatic.o
 .debug_info    0x0000000000000872      0x34d ./Core/Src/fsm_config.o
 .debug_info    0x0000000000000bbf      0x34d ./Core/Src/fsm_manual.o
 .debug_info    0x0000000000000f0c      0x365 ./Core/Src/global.o
 .debug_info    0x0000000000001271      0x38a ./Core/Src/light_traffic.o
 .debug_info    0x00000000000015fb      0xd85 ./Core/Src/main.o
 .debug_info    0x0000000000002380      0x11b ./Core/Src/softWareTimer.o
 .debug_info    0x000000000000249b      0xb32 ./Core/Src/stm32f1xx_hal_msp.o
 .debug_info    0x0000000000002fcd      0x8e2 ./Core/Src/stm32f1xx_it.o
 .debug_info    0x00000000000038af      0x2be ./Core/Src/system_stm32f1xx.o
 .debug_info    0x0000000000003b6d       0x22 ./Core/Startup/startup_stm32f103c6ux.o
 .debug_info    0x0000000000003b8f      0x74c ./Drivers/STM32F1xx_HAL_Driver/Src/stm32f1xx_hal.o
 .debug_info    0x00000000000042db      0xbbe ./Drivers/STM32F1xx_HAL_Driver/Src/stm32f1xx_hal_cortex.o
 .debug_info    0x0000000000004e99      0x701 ./Drivers/STM32F1xx_HAL_Driver/Src/stm32f1xx_hal_gpio.o
 .debug_info    0x000000000000559a      0x893 ./Drivers/STM32F1xx_HAL_Driver/Src/stm32f1xx_hal_rcc.o
 .debug_info    0x0000000000005e2d     0x2c32 ./Drivers/STM32F1xx_HAL_Driver/Src/stm32f1xx_hal_tim.o
 .debug_info    0x0000000000008a5f     0x157f ./Drivers/STM32F1xx_HAL_Driver/Src/stm32f1xx_hal_tim_ex.o

.debug_abbrev   0x0000000000000000     0x1c8a
 .debug_abbrev  0x0000000000000000      0x1a7 ./Core/Src/button.o
 .debug_abbrev  0x00000000000001a7       0xf6 ./Core/Src/fsm_automatic.o
 .debug_abbrev  0x000000000000029d       0xf6 ./Core/Src/fsm_config.o
 .debug_abbrev  0x0000000000000393       0xf6 ./Core/Src/fsm_manual.o
 .debug_abbrev  0x0000000000000489       0xa9 ./Core/Src/global.o
 .debug_abbrev  0x0000000000000532      0x121 ./Core/Src/light_traffic.o
 .debug_abbrev  0x0000000000000653      0x293 ./Core/Src/main.o
 .debug_abbrev  0x00000000000008e6       0xf8 ./Core/Src/softWareTimer.o
 .debug_abbrev  0x00000000000009de      0x1b7 ./Core/Src/stm32f1xx_hal_msp.o
 .debug_abbrev  0x0000000000000b95      0x176 ./Core/Src/stm32f1xx_it.o
 .debug_abbrev  0x0000000000000d0b      0x14e ./Core/Src/system_stm32f1xx.o
 .debug_abbrev  0x0000000000000e59       0x12 ./Core/Startup/startup_stm32f103c6ux.o
 .debug_abbrev  0x0000000000000e6b      0x1ed ./Drivers/STM32F1xx_HAL_Driver/Src/stm32f1xx_hal.o
 .debug_abbrev  0x0000000000001058      0x313 ./Drivers/STM32F1xx_HAL_Driver/Src/stm32f1xx_hal_cortex.o
 .debug_abbrev  0x000000000000136b      0x1e8 ./Drivers/STM32F1xx_HAL_Driver/Src/stm32f1xx_hal_gpio.o
 .debug_abbrev  0x0000000000001553      0x273 ./Drivers/STM32F1xx_HAL_Driver/Src/stm32f1xx_hal_rcc.o
 .debug_abbrev  0x00000000000017c6      0x25e ./Drivers/STM32F1xx_HAL_Driver/Src/stm32f1xx_hal_tim.o
 .debug_abbrev  0x0000000000001a24      0x266 ./Drivers/STM32F1xx_HAL_Driver/Src/stm32f1xx_hal_tim_ex.o

.debug_aranges  0x0000000000000000      0xa60
 .debug_aranges
                0x0000000000000000       0x38 ./Core/Src/button.o
 .debug_aranges
                0x0000000000000038       0x20 ./Core/Src/fsm_automatic.o
 .debug_aranges
                0x0000000000000058       0x20 ./Core/Src/fsm_config.o
 .debug_aranges
                0x0000000000000078       0x20 ./Core/Src/fsm_manual.o
 .debug_aranges
                0x0000000000000098       0x18 ./Core/Src/global.o
 .debug_aranges
                0x00000000000000b0       0x28 ./Core/Src/light_traffic.o
 .debug_aranges
                0x00000000000000d8       0x68 ./Core/Src/main.o
 .debug_aranges
                0x0000000000000140       0x38 ./Core/Src/softWareTimer.o
 .debug_aranges
                0x0000000000000178       0x30 ./Core/Src/stm32f1xx_hal_msp.o
 .debug_aranges
                0x00000000000001a8       0x68 ./Core/Src/stm32f1xx_it.o
 .debug_aranges
                0x0000000000000210       0x28 ./Core/Src/system_stm32f1xx.o
 .debug_aranges
                0x0000000000000238       0x28 ./Core/Startup/startup_stm32f103c6ux.o
 .debug_aranges
                0x0000000000000260       0xe0 ./Drivers/STM32F1xx_HAL_Driver/Src/stm32f1xx_hal.o
 .debug_aranges
                0x0000000000000340      0x100 ./Drivers/STM32F1xx_HAL_Driver/Src/stm32f1xx_hal_cortex.o
 .debug_aranges
                0x0000000000000440       0x58 ./Drivers/STM32F1xx_HAL_Driver/Src/stm32f1xx_hal_gpio.o
 .debug_aranges
                0x0000000000000498       0x90 ./Drivers/STM32F1xx_HAL_Driver/Src/stm32f1xx_hal_rcc.o
 .debug_aranges
                0x0000000000000528      0x3d0 ./Drivers/STM32F1xx_HAL_Driver/Src/stm32f1xx_hal_tim.o
 .debug_aranges
                0x00000000000008f8      0x168 ./Drivers/STM32F1xx_HAL_Driver/Src/stm32f1xx_hal_tim_ex.o

.debug_ranges   0x0000000000000000      0x940
 .debug_ranges  0x0000000000000000       0x28 ./Core/Src/button.o
 .debug_ranges  0x0000000000000028       0x10 ./Core/Src/fsm_automatic.o
 .debug_ranges  0x0000000000000038       0x10 ./Core/Src/fsm_config.o
 .debug_ranges  0x0000000000000048       0x10 ./Core/Src/fsm_manual.o
 .debug_ranges  0x0000000000000058       0x18 ./Core/Src/light_traffic.o
 .debug_ranges  0x0000000000000070       0x58 ./Core/Src/main.o
 .debug_ranges  0x00000000000000c8       0x28 ./Core/Src/softWareTimer.o
 .debug_ranges  0x00000000000000f0       0x20 ./Core/Src/stm32f1xx_hal_msp.o
 .debug_ranges  0x0000000000000110       0x58 ./Core/Src/stm32f1xx_it.o
 .debug_ranges  0x0000000000000168       0x18 ./Core/Src/system_stm32f1xx.o
 .debug_ranges  0x0000000000000180       0x20 ./Core/Startup/startup_stm32f103c6ux.o
 .debug_ranges  0x00000000000001a0       0xd0 ./Drivers/STM32F1xx_HAL_Driver/Src/stm32f1xx_hal.o
 .debug_ranges  0x0000000000000270       0xf0 ./Drivers/STM32F1xx_HAL_Driver/Src/stm32f1xx_hal_cortex.o
 .debug_ranges  0x0000000000000360       0x48 ./Drivers/STM32F1xx_HAL_Driver/Src/stm32f1xx_hal_gpio.o
 .debug_ranges  0x00000000000003a8       0x80 ./Drivers/STM32F1xx_HAL_Driver/Src/stm32f1xx_hal_rcc.o
 .debug_ranges  0x0000000000000428      0x3c0 ./Drivers/STM32F1xx_HAL_Driver/Src/stm32f1xx_hal_tim.o
 .debug_ranges  0x00000000000007e8      0x158 ./Drivers/STM32F1xx_HAL_Driver/Src/stm32f1xx_hal_tim_ex.o

.debug_macro    0x0000000000000000    0x1721c
 .debug_macro   0x0000000000000000      0x204 ./Core/Src/button.o
 .debug_macro   0x0000000000000204      0xa9c ./Core/Src/button.o
 .debug_macro   0x0000000000000ca0      0x215 ./Core/Src/button.o
 .debug_macro   0x0000000000000eb5       0x2e ./Core/Src/button.o
 .debug_macro   0x0000000000000ee3       0x22 ./Core/Src/button.o
 .debug_macro   0x0000000000000f05       0x22 ./Core/Src/button.o
 .debug_macro   0x0000000000000f27       0x8e ./Core/Src/button.o
 .debug_macro   0x0000000000000fb5       0x51 ./Core/Src/button.o
 .debug_macro   0x0000000000001006      0x103 ./Core/Src/button.o
 .debug_macro   0x0000000000001109       0x6a ./Core/Src/button.o
 .debug_macro   0x0000000000001173      0x1df ./Core/Src/button.o
 .debug_macro   0x0000000000001352       0x1c ./Core/Src/button.o
 .debug_macro   0x000000000000136e       0x22 ./Core/Src/button.o
 .debug_macro   0x0000000000001390       0xc3 ./Core/Src/button.o
 .debug_macro   0x0000000000001453      0xd23 ./Core/Src/button.o
 .debug_macro   0x0000000000002176     0xde75 ./Core/Src/button.o
 .debug_macro   0x000000000000ffeb       0x6d ./Core/Src/button.o
 .debug_macro   0x0000000000010058     0x34a2 ./Core/Src/button.o
 .debug_macro   0x00000000000134fa      0x174 ./Core/Src/button.o
 .debug_macro   0x000000000001366e       0x5c ./Core/Src/button.o
 .debug_macro   0x00000000000136ca      0x5bc ./Core/Src/button.o
 .debug_macro   0x0000000000013c86      0x1b7 ./Core/Src/button.o
 .debug_macro   0x0000000000013e3d      0x1cb ./Core/Src/button.o
 .debug_macro   0x0000000000014008      0x114 ./Core/Src/button.o
 .debug_macro   0x000000000001411c      0x1b2 ./Core/Src/button.o
 .debug_macro   0x00000000000142ce       0x27 ./Core/Src/button.o
 .debug_macro   0x00000000000142f5      0x12f ./Core/Src/button.o
 .debug_macro   0x0000000000014424      0x1bc ./Core/Src/button.o
 .debug_macro   0x00000000000145e0       0x34 ./Core/Src/button.o
 .debug_macro   0x0000000000014614       0x3c ./Core/Src/button.o
 .debug_macro   0x0000000000014650       0x57 ./Core/Src/button.o
 .debug_macro   0x00000000000146a7       0x87 ./Core/Src/button.o
 .debug_macro   0x000000000001472e      0x183 ./Core/Src/button.o
 .debug_macro   0x00000000000148b1      0x140 ./Core/Src/button.o
 .debug_macro   0x00000000000149f1      0x8ed ./Core/Src/button.o
 .debug_macro   0x00000000000152de       0x69 ./Core/Src/button.o
 .debug_macro   0x0000000000015347       0x16 ./Core/Src/button.o
 .debug_macro   0x000000000001535d      0x10c ./Core/Src/button.o
 .debug_macro   0x0000000000015469       0x52 ./Core/Src/button.o
 .debug_macro   0x00000000000154bb       0x10 ./Core/Src/button.o
 .debug_macro   0x00000000000154cb       0x28 ./Core/Src/button.o
 .debug_macro   0x00000000000154f3      0x209 ./Core/Src/fsm_automatic.o
 .debug_macro   0x00000000000156fc       0x16 ./Core/Src/fsm_automatic.o
 .debug_macro   0x0000000000015712      0x112 ./Core/Src/fsm_automatic.o
 .debug_macro   0x0000000000015824      0x202 ./Core/Src/fsm_config.o
 .debug_macro   0x0000000000015a26      0x209 ./Core/Src/fsm_manual.o
 .debug_macro   0x0000000000015c2f      0x1fe ./Core/Src/global.o
 .debug_macro   0x0000000000015e2d      0x208 ./Core/Src/light_traffic.o
 .debug_macro   0x0000000000016035      0x200 ./Core/Src/main.o
 .debug_macro   0x0000000000016235       0x1a ./Core/Src/softWareTimer.o
 .debug_macro   0x000000000001624f      0x200 ./Core/Src/stm32f1xx_hal_msp.o
 .debug_macro   0x000000000001644f      0x20a ./Core/Src/stm32f1xx_it.o
 .debug_macro   0x0000000000016659      0x197 ./Core/Src/system_stm32f1xx.o
 .debug_macro   0x00000000000167f0      0x1bb ./Drivers/STM32F1xx_HAL_Driver/Src/stm32f1xx_hal.o
 .debug_macro   0x00000000000169ab      0x197 ./Drivers/STM32F1xx_HAL_Driver/Src/stm32f1xx_hal_cortex.o
 .debug_macro   0x0000000000016b42      0x202 ./Drivers/STM32F1xx_HAL_Driver/Src/stm32f1xx_hal_gpio.o
 .debug_macro   0x0000000000016d44      0x1a9 ./Drivers/STM32F1xx_HAL_Driver/Src/stm32f1xx_hal_rcc.o
 .debug_macro   0x0000000000016eed      0x198 ./Drivers/STM32F1xx_HAL_Driver/Src/stm32f1xx_hal_tim.o
 .debug_macro   0x0000000000017085      0x197 ./Drivers/STM32F1xx_HAL_Driver/Src/stm32f1xx_hal_tim_ex.o

.debug_line     0x0000000000000000     0xc44b
 .debug_line    0x0000000000000000      0x7c8 ./Core/Src/button.o
 .debug_line    0x00000000000007c8      0x800 ./Core/Src/fsm_automatic.o
 .debug_line    0x0000000000000fc8      0x84d ./Core/Src/fsm_config.o
 .debug_line    0x0000000000001815      0x7be ./Core/Src/fsm_manual.o
 .debug_line    0x0000000000001fd3      0x6c5 ./Core/Src/global.o
 .debug_line    0x0000000000002698      0x74e ./Core/Src/light_traffic.o
 .debug_line    0x0000000000002de6      0x8e4 ./Core/Src/main.o
 .debug_line    0x00000000000036ca       0xf2 ./Core/Src/softWareTimer.o
 .debug_line    0x00000000000037bc      0x725 ./Core/Src/stm32f1xx_hal_msp.o
 .debug_line    0x0000000000003ee1      0x7c3 ./Core/Src/stm32f1xx_it.o
 .debug_line    0x00000000000046a4      0x6e3 ./Core/Src/system_stm32f1xx.o
 .debug_line    0x0000000000004d87       0x86 ./Core/Startup/startup_stm32f103c6ux.o
 .debug_line    0x0000000000004e0d      0x910 ./Drivers/STM32F1xx_HAL_Driver/Src/stm32f1xx_hal.o
 .debug_line    0x000000000000571d      0xaf8 ./Drivers/STM32F1xx_HAL_Driver/Src/stm32f1xx_hal_cortex.o
 .debug_line    0x0000000000006215      0x993 ./Drivers/STM32F1xx_HAL_Driver/Src/stm32f1xx_hal_gpio.o
 .debug_line    0x0000000000006ba8      0xd1c ./Drivers/STM32F1xx_HAL_Driver/Src/stm32f1xx_hal_rcc.o
 .debug_line    0x00000000000078c4     0x3361 ./Drivers/STM32F1xx_HAL_Driver/Src/stm32f1xx_hal_tim.o
 .debug_line    0x000000000000ac25     0x1826 ./Drivers/STM32F1xx_HAL_Driver/Src/stm32f1xx_hal_tim_ex.o

.debug_str      0x0000000000000000    0x825c2
 .debug_str     0x0000000000000000    0x7fb17 ./Core/Src/button.o
                                      0x7fe66 (size before relaxing)
 .debug_str     0x000000000007fb17       0x2e ./Core/Src/fsm_automatic.o
                                      0x7fdb9 (size before relaxing)
 .debug_str     0x000000000007fb45       0x28 ./Core/Src/fsm_config.o
                                      0x7fdb3 (size before relaxing)
 .debug_str     0x000000000007fb6d       0x28 ./Core/Src/fsm_manual.o
                                      0x7fdb3 (size before relaxing)
 .debug_str     0x000000000007fb95       0x15 ./Core/Src/global.o
                                      0x7fd75 (size before relaxing)
 .debug_str     0x000000000007fbaa       0x5c ./Core/Src/light_traffic.o
                                      0x7fde7 (size before relaxing)
 .debug_str     0x000000000007fc06      0x71b ./Core/Src/main.o
                                      0x80578 (size before relaxing)
 .debug_str     0x0000000000080321       0x4f ./Core/Src/softWareTimer.o
                                       0x2ddf (size before relaxing)
 .debug_str     0x0000000000080370      0x2ba ./Core/Src/stm32f1xx_hal_msp.o
                                      0x80585 (size before relaxing)
 .debug_str     0x000000000008062a       0xcd ./Core/Src/stm32f1xx_it.o
                                      0x802e7 (size before relaxing)
 .debug_str     0x00000000000806f7       0x52 ./Core/Src/system_stm32f1xx.o
                                      0x7f758 (size before relaxing)
 .debug_str     0x0000000000080749       0x36 ./Core/Startup/startup_stm32f103c6ux.o
                                         0x4c (size before relaxing)
 .debug_str     0x000000000008077f      0x304 ./Drivers/STM32F1xx_HAL_Driver/Src/stm32f1xx_hal.o
                                      0x7fdaf (size before relaxing)
 .debug_str     0x0000000000080a83      0x300 ./Drivers/STM32F1xx_HAL_Driver/Src/stm32f1xx_hal_cortex.o
                                      0x7fdb7 (size before relaxing)
 .debug_str     0x0000000000080d83      0x324 ./Drivers/STM32F1xx_HAL_Driver/Src/stm32f1xx_hal_gpio.o
                                      0x7fb1c (size before relaxing)
 .debug_str     0x00000000000810a7      0x24f ./Drivers/STM32F1xx_HAL_Driver/Src/stm32f1xx_hal_rcc.o
                                      0x7fb55 (size before relaxing)
 .debug_str     0x00000000000812f6      0xdde ./Drivers/STM32F1xx_HAL_Driver/Src/stm32f1xx_hal_tim.o
                                      0x80b3e (size before relaxing)
 .debug_str     0x00000000000820d4      0x4ee ./Drivers/STM32F1xx_HAL_Driver/Src/stm32f1xx_hal_tim_ex.o
                                      0x802df (size before relaxing)

.comment        0x0000000000000000       0x53
 .comment       0x0000000000000000       0x53 ./Core/Src/button.o
                                         0x54 (size before relaxing)
 .comment       0x0000000000000053       0x54 ./Core/Src/fsm_automatic.o
 .comment       0x0000000000000053       0x54 ./Core/Src/fsm_config.o
 .comment       0x0000000000000053       0x54 ./Core/Src/fsm_manual.o
 .comment       0x0000000000000053       0x54 ./Core/Src/global.o
 .comment       0x0000000000000053       0x54 ./Core/Src/light_traffic.o
 .comment       0x0000000000000053       0x54 ./Core/Src/main.o
 .comment       0x0000000000000053       0x54 ./Core/Src/softWareTimer.o
 .comment       0x0000000000000053       0x54 ./Core/Src/stm32f1xx_hal_msp.o
 .comment       0x0000000000000053       0x54 ./Core/Src/stm32f1xx_it.o
 .comment       0x0000000000000053       0x54 ./Core/Src/system_stm32f1xx.o
 .comment       0x0000000000000053       0x54 ./Drivers/STM32F1xx_HAL_Driver/Src/stm32f1xx_hal.o
 .comment       0x0000000000000053       0x54 ./Drivers/STM32F1xx_HAL_Driver/Src/stm32f1xx_hal_cortex.o
 .comment       0x0000000000000053       0x54 ./Drivers/STM32F1xx_HAL_Driver/Src/stm32f1xx_hal_gpio.o
 .comment       0x0000000000000053       0x54 ./Drivers/STM32F1xx_HAL_Driver/Src/stm32f1xx_hal_rcc.o
 .comment       0x0000000000000053       0x54 ./Drivers/STM32F1xx_HAL_Driver/Src/stm32f1xx_hal_tim.o
 .comment       0x0000000000000053       0x54 ./Drivers/STM32F1xx_HAL_Driver/Src/stm32f1xx_hal_tim_ex.o

.debug_frame    0x0000000000000000     0x286c
 .debug_frame   0x0000000000000000       0xa0 ./Core/Src/button.o
 .debug_frame   0x00000000000000a0       0x2c ./Core/Src/fsm_automatic.o
 .debug_frame   0x00000000000000cc       0x2c ./Core/Src/fsm_config.o
 .debug_frame   0x00000000000000f8       0x2c ./Core/Src/fsm_manual.o
 .debug_frame   0x0000000000000124       0x54 ./Core/Src/light_traffic.o
 .debug_frame   0x0000000000000178      0x160 ./Core/Src/main.o
 .debug_frame   0x00000000000002d8       0xa4 ./Core/Src/softWareTimer.o
 .debug_frame   0x000000000000037c       0x80 ./Core/Src/stm32f1xx_hal_msp.o
 .debug_frame   0x00000000000003fc      0x120 ./Core/Src/stm32f1xx_it.o
 .debug_frame   0x000000000000051c       0x58 ./Core/Src/system_stm32f1xx.o
 .debug_frame   0x0000000000000574      0x334 ./Drivers/STM32F1xx_HAL_Driver/Src/stm32f1xx_hal.o
 .debug_frame   0x00000000000008a8      0x428 ./Drivers/STM32F1xx_HAL_Driver/Src/stm32f1xx_hal_cortex.o
 .debug_frame   0x0000000000000cd0      0x14c ./Drivers/STM32F1xx_HAL_Driver/Src/stm32f1xx_hal_gpio.o
 .debug_frame   0x0000000000000e1c      0x218 ./Drivers/STM32F1xx_HAL_Driver/Src/stm32f1xx_hal_rcc.o
 .debug_frame   0x0000000000001034     0x11b4 ./Drivers/STM32F1xx_HAL_Driver/Src/stm32f1xx_hal_tim.o
 .debug_frame   0x00000000000021e8      0x638 ./Drivers/STM32F1xx_HAL_Driver/Src/stm32f1xx_hal_tim_ex.o
 .debug_frame   0x0000000000002820       0x2c c:/st/stm32cubeide_1.7.0/stm32cubeide/plugins/com.st.stm32cube.ide.mcu.externaltools.gnu-tools-for-stm32.9-2020-q2-update.win32_2.0.0.202105311346/tools/bin/../lib/gcc/arm-none-eabi/9.3.1/../../../../arm-none-eabi/lib/thumb/v7-m/nofp\libc_nano.a(lib_a-init.o)
 .debug_frame   0x000000000000284c       0x20 c:/st/stm32cubeide_1.7.0/stm32cubeide/plugins/com.st.stm32cube.ide.mcu.externaltools.gnu-tools-for-stm32.9-2020-q2-update.win32_2.0.0.202105311346/tools/bin/../lib/gcc/arm-none-eabi/9.3.1/../../../../arm-none-eabi/lib/thumb/v7-m/nofp\libc_nano.a(lib_a-memset.o)
